Release 14.2 Map P.28xd (nt64)
Xilinx Map Application Log File for Design 'test'

Design Information
------------------
Command Line   : map -intstyle ise -p xc5vlx110t-ff1136-1 -w -logic_opt off -ol
high -t 1 -register_duplication off -global_opt off -mt off -cm area -ir off -pr
off -lc off -power off -o test_map.ncd test.ngd test.pcf 
Target Device  : xc5vlx110t
Target Package : ff1136
Target Speed   : -1
Mapper Version : virtex5 -- $Revision: 1.55 $
Mapped Date    : Mon Feb 02 15:00:23 2015

Mapping design into LUTs...
Running directed packing...
Running delay-based LUT packing...
Updating timing models...
INFO:Map:215 - The Interim Design Summary has been generated in the MAP Report
   (.mrp).
Running timing-driven placement...
Total REAL time at the beginning of Placer: 20 secs 
Total CPU  time at the beginning of Placer: 18 secs 

Phase 1.1  Initial Placement Analysis
Phase 1.1  Initial Placement Analysis (Checksum:9c902b7c) REAL time: 22 secs 

Phase 2.7  Design Feasibility Check
Phase 2.7  Design Feasibility Check (Checksum:9c902b7c) REAL time: 22 secs 

Phase 3.31  Local Placement Optimization
Phase 3.31  Local Placement Optimization (Checksum:9c902b7c) REAL time: 23 secs 

Phase 4.37  Local Placement Optimization
Phase 4.37  Local Placement Optimization (Checksum:9c902b7c) REAL time: 23 secs 

Phase 5.33  Local Placement Optimization
Phase 5.33  Local Placement Optimization (Checksum:9c902b7c) REAL time: 23 secs 

Phase 6.32  Local Placement Optimization
Phase 6.32  Local Placement Optimization (Checksum:9c902b7c) REAL time: 23 secs 

Phase 7.2  Initial Clock and IO Placement
Phase 7.2  Initial Clock and IO Placement (Checksum:9c902b7c) REAL time: 23 secs 

Phase 8.36  Local Placement Optimization
Phase 8.36  Local Placement Optimization (Checksum:9c902b7c) REAL time: 23 secs 

Phase 9.30  Global Clock Region Assignment
Phase 9.30  Global Clock Region Assignment (Checksum:9c902b7c) REAL time: 23 secs 

Phase 10.3  Local Placement Optimization
Phase 10.3  Local Placement Optimization (Checksum:9c902b7c) REAL time: 23 secs 

Phase 11.5  Local Placement Optimization
Phase 11.5  Local Placement Optimization (Checksum:9c902b7c) REAL time: 23 secs 

Phase 12.8  Global Placement
Phase 12.8  Global Placement (Checksum:9c902b7c) REAL time: 23 secs 

Phase 13.29  Local Placement Optimization
Phase 13.29  Local Placement Optimization (Checksum:9c902b7c) REAL time: 23 secs 

Phase 14.5  Local Placement Optimization
Phase 14.5  Local Placement Optimization (Checksum:9c902b7c) REAL time: 23 secs 

Phase 15.18  Placement Optimization
Phase 15.18  Placement Optimization (Checksum:9c902b7c) REAL time: 23 secs 

Phase 16.5  Local Placement Optimization
Phase 16.5  Local Placement Optimization (Checksum:9c902b7c) REAL time: 23 secs 

Phase 17.34  Placement Validation
Phase 17.34  Placement Validation (Checksum:9c902b7c) REAL time: 23 secs 

Total REAL time to Placer completion: 23 secs 
Total CPU  time to Placer completion: 20 secs 
Running post-placement packing...
Writing output files...

Design Summary
--------------

Design Summary:
Number of errors:      0
Number of warnings:    0
Slice Logic Utilization:

Slice Logic Distribution:

IO Utilization:
  Number of bonded IOBs:                        15 out of     640    2%
    Number of LOCed IOBs:                       15 out of      15  100%

Specific Feature Utilization:

Average Fanout of Non-Clock Nets:                1.00

Peak Memory Usage:  549 MB
Total REAL time to MAP completion:  24 secs 
Total CPU time to MAP completion:   20 secs 

Mapping completed.
See MAP report file "test_map.mrp" for details.
